
> nexus226@0.1.0 build
> next build

   Ôû▓ Next.js 14.1.0
   - Environments: .env.local

   Creating an optimized production build ...
 Ô£ô Compiled successfully
   Linting and checking validity of types ...
   Collecting page data ...
   Generating static pages (0/10) ...
node.exe : Error: 
Event handlers 
cannot be passed to 
Client Component 
props.
Au caractère Ligne:1 
: 1
+ & "C:\Program Files
\nodejs/node.exe" 
"C:\Program 
Files\nodejs/node_mo 
...
+ ~~~~~~~~~~~~~~~~~~~
~~~~~~~~~~~~~~~~~~~~~
~~~~~~~~~~~~~~~~~~~~~
~~~~~~~~
    + CategoryInfo   
           : NotSpe  
  cified: (Error:    
 Event ha...ompon    
ent props.:Strin    
g) [], RemoteExc    
eption
    + FullyQualified 
   ErrorId : Native  
  CommandError
 
  {onLoginClick: 
function, 
onSignupClick: ...}
                 
^^^^^^^^
If you need 
interactivity, 
consider converting 
part of this to a 
Client Component.
    at C:\Users\yanto
_slqpq0c\Downloads\Li
sts of projects\nexus
\node_modules\next\di
st\compiled\next-serv
er\app-page.runtime.p
rod.js:12:145651
    at Object.toJSON 
(C:\Users\yanto_slqpq
0c\Downloads\Lists 
of projects\nexus\nod
e_modules\next\dist\c
ompiled\next-server\a
pp-page.runtime.prod.
js:12:146504)
    at stringify 
(<anonymous>)
    at eR (C:\Users\y
anto_slqpq0c\Download
s\Lists of projects\n
exus\node_modules\nex
t\dist\compiled\next-
server\app-page.runti
me.prod.js:12:134889)
    at eP (C:\Users\y
anto_slqpq0c\Download
s\Lists of projects\n
exus\node_modules\nex
t\dist\compiled\next-
server\app-page.runti
me.prod.js:12:135332)
    at AsyncLocalStor
age.run (node:interna
l/async_local_storage
/async_context_frame:
63:14)
    at 
Timeout._onTimeout (C
:\Users\yanto_slqpq0c
\Downloads\Lists of p
rojects\nexus\node_mo
dules\next\dist\compi
led\next-server\app-p
age.runtime.prod.js:1
2:146956)
    at listOnTimeout 
(node:internal/timers
:605:17)
    at process.proces
sTimers (node:interna
l/timers:541:7)
Error: Event 
handlers cannot be 
passed to Client 
Component props.
  {onLoginClick: 
function, 
onSignupClick: ...}
                 
^^^^^^^^
If you need 
interactivity, 
consider converting 
part of this to a 
Client Component.
    at C:\Users\yanto
_slqpq0c\Downloads\Li
sts of projects\nexus
\node_modules\next\di
st\compiled\next-serv
er\app-page.runtime.p
rod.js:12:145651
    at Object.toJSON 
(C:\Users\yanto_slqpq
0c\Downloads\Lists 
of projects\nexus\nod
e_modules\next\dist\c
ompiled\next-server\a
pp-page.runtime.prod.
js:12:146504)
    at stringify 
(<anonymous>)
    at eR (C:\Users\y
anto_slqpq0c\Download
s\Lists of projects\n
exus\node_modules\nex
t\dist\compiled\next-
server\app-page.runti
me.prod.js:12:134889)
    at eP (C:\Users\y
anto_slqpq0c\Download
s\Lists of projects\n
exus\node_modules\nex
t\dist\compiled\next-
server\app-page.runti
me.prod.js:12:135332)
    at 
Timeout._onTimeout (C
:\Users\yanto_slqpq0c
\Downloads\Lists of p
rojects\nexus\node_mo
dules\next\dist\compi
led\next-server\app-p
age.runtime.prod.js:1
2:132112)
    at listOnTimeout 
(node:internal/timers
:605:17)
    at process.proces
sTimers (node:interna
l/timers:541:7)
Search API error: ex 
[Error]: Dynamic 
server usage: Page 
couldn't be rendered 
statically because 
it used `nextUrl.sear
chParams`. See more 
info here: https://ne
xtjs.org/docs/message
s/dynamic-server-erro
r
    at Object.eP [as 
staticGenerationBailo
ut] (C:\Users\yanto_s
lqpq0c\Downloads\List
s of projects\nexus\n
ode_modules\next\dist
\compiled\next-server
\app-route.runtime.pr
od.js:6:29358)
    at n (C:\Users\ya
nto_slqpq0c\Downloads
\Lists of projects\ne
xus\node_modules\next
\dist\compiled\next-s
erver\app-route.runti
me.prod.js:6:33712)
    at Object.get (C:
\Users\yanto_slqpq0c\
Downloads\Lists of pr
ojects\nexus\node_mod
ules\next\dist\compil
ed\next-server\app-ro
ute.runtime.prod.js:6
:34359)
    at u (C:\Users\ya
nto_slqpq0c\Downloads
\Lists of projects\ne
xus\.next\server\app\
api\search\route.js:1
:781)
    at C:\Users\yanto
_slqpq0c\Downloads\Li
sts of projects\nexus
\node_modules\next\di
st\compiled\next-serv
er\app-route.runtime.
prod.js:6:42490
    at C:\Users\yanto
_slqpq0c\Downloads\Li
sts of projects\nexus
\node_modules\next\di
st\server\lib\trace\t
racer.js:133:36
    at NoopContextMan
ager.with (C:\Users\y
anto_slqpq0c\Download
s\Lists of projects\n
exus\node_modules\nex
t\dist\compiled\@open
telemetry\api\index.j
s:1:7062)
    at 
ContextAPI.with (C:\U
sers\yanto_slqpq0c\Do
wnloads\Lists of proj
ects\nexus\node_modul
es\next\dist\compiled
\@opentelemetry\api\i
ndex.js:1:518)
    at NoopTracer.sta
rtActiveSpan (C:\User
s\yanto_slqpq0c\Downl
oads\Lists of project
s\nexus\node_modules\
next\dist\compiled\@o
pentelemetry\api\inde
x.js:1:18093)
    at ProxyTracer.st
artActiveSpan (C:\Use
rs\yanto_slqpq0c\Down
loads\Lists of projec
ts\nexus\node_modules
\next\dist\compiled\@
opentelemetry\api\ind
ex.js:1:18854) {
  description: "Page 
couldn't be rendered 
statically because 
it used `nextUrl.sear
chParams`. See more 
info here: https://ne
xtjs.org/docs/message
s/dynamic-server-erro
r",
  digest: 'DYNAMIC_SE
RVER_USAGE'
}
Error: Event 
handlers cannot be 
passed to Client 
Component props.
  {onLoginClick: 
function, 
onSignupClick: ...}
                 
^^^^^^^^
If you need 
interactivity, 
consider converting 
part of this to a 
Client Component.
    at C:\Users\yanto
_slqpq0c\Downloads\Li
sts of projects\nexus
\node_modules\next\di
st\compiled\next-serv
er\app-page.runtime.p
rod.js:12:145651
    at Object.toJSON 
(C:\Users\yanto_slqpq
0c\Downloads\Lists 
of projects\nexus\nod
e_modules\next\dist\c
ompiled\next-server\a
pp-page.runtime.prod.
js:12:146504)
    at stringify 
(<anonymous>)
    at eR (C:\Users\y
anto_slqpq0c\Download
s\Lists of projects\n
exus\node_modules\nex
t\dist\compiled\next-
server\app-page.runti
me.prod.js:12:134889)
    at eP (C:\Users\y
anto_slqpq0c\Download
s\Lists of projects\n
exus\node_modules\nex
t\dist\compiled\next-
server\app-page.runti
me.prod.js:12:135332)
    at AsyncLocalStor
age.run (node:interna
l/async_local_storage
/async_context_frame:
63:14)
    at 
Timeout._onTimeout (C
:\Users\yanto_slqpq0c
\Downloads\Lists of p
rojects\nexus\node_mo
dules\next\dist\compi
led\next-server\app-p
age.runtime.prod.js:1
2:146956)
    at listOnTimeout 
(node:internal/timers
:605:17)
    at process.proces
sTimers (node:interna
l/timers:541:7)
Error: Event 
handlers cannot be 
passed to Client 
Component props.
  {onLoginClick: 
function, 
onSignupClick: ...}
                 
^^^^^^^^
If you need 
interactivity, 
consider converting 
part of this to a 
Client Component.
    at C:\Users\yanto
_slqpq0c\Downloads\Li
sts of projects\nexus
\node_modules\next\di
st\compiled\next-serv
er\app-page.runtime.p
rod.js:12:145651
    at Object.toJSON 
(C:\Users\yanto_slqpq
0c\Downloads\Lists 
of projects\nexus\nod
e_modules\next\dist\c
ompiled\next-server\a
pp-page.runtime.prod.
js:12:146504)
    at stringify 
(<anonymous>)
    at eR (C:\Users\y
anto_slqpq0c\Download
s\Lists of projects\n
exus\node_modules\nex
t\dist\compiled\next-
server\app-page.runti
me.prod.js:12:134889)
    at eP (C:\Users\y
anto_slqpq0c\Download
s\Lists of projects\n
exus\node_modules\nex
t\dist\compiled\next-
server\app-page.runti
me.prod.js:12:135332)
    at 
Timeout._onTimeout (C
:\Users\yanto_slqpq0c
\Downloads\Lists of p
rojects\nexus\node_mo
dules\next\dist\compi
led\next-server\app-p
age.runtime.prod.js:1
2:132112)
    at listOnTimeout 
(node:internal/timers
:605:17)
    at process.proces
sTimers (node:interna
l/timers:541:7)

   Generating static pages (2/10) 

   Generating static pages (4/10) 

   Generating static pages (7/10) 
 ÔÜá Sending SIGTERM 
signal to static 
worker due to 
timeout of 60 
seconds. Subsequent 
errors may be a 
result of the worker 
exiting.
 Ô¿» Static worker 
exited with code: 
null and signal: 
SIGTERM
 ÔÜá Restarted 
static page 
generation for 
/terms because it 
took more than 60 
seconds
 ÔÜá See more info 
here https://nextjs.o
rg/docs/messages/stat
ic-page-generation-ti
meout
 ÔÜá Restarted 
static page 
generation for 
/privacy because it 
took more than 60 
seconds
Error: Event 
handlers cannot be 
passed to Client 
Component props.
  {onLoginClick: 
function, 
onSignupClick: ...}
                 
^^^^^^^^
If you need 
interactivity, 
consider converting 
part of this to a 
Client Component.
    at C:\Users\yanto
_slqpq0c\Downloads\Li
sts of projects\nexus
\node_modules\next\di
st\compiled\next-serv
er\app-page.runtime.p
rod.js:12:145651
    at Object.toJSON 
(C:\Users\yanto_slqpq
0c\Downloads\Lists 
of projects\nexus\nod
e_modules\next\dist\c
ompiled\next-server\a
pp-page.runtime.prod.
js:12:146504)
    at stringify 
(<anonymous>)
    at eR (C:\Users\y
anto_slqpq0c\Download
s\Lists of projects\n
exus\node_modules\nex
t\dist\compiled\next-
server\app-page.runti
me.prod.js:12:134889)
    at eP (C:\Users\y
anto_slqpq0c\Download
s\Lists of projects\n
exus\node_modules\nex
t\dist\compiled\next-
server\app-page.runti
me.prod.js:12:135332)
    at AsyncLocalStor
age.run (node:interna
l/async_local_storage
/async_context_frame:
63:14)
    at 
Timeout._onTimeout (C
:\Users\yanto_slqpq0c
\Downloads\Lists of p
rojects\nexus\node_mo
dules\next\dist\compi
led\next-server\app-p
age.runtime.prod.js:1
2:146956)
    at listOnTimeout 
(node:internal/timers
:605:17)
    at process.proces
sTimers (node:interna
l/timers:541:7)
Error: Event 
handlers cannot be 
passed to Client 
Component props.
  {onLoginClick: 
function, 
onSignupClick: ...}
                 
^^^^^^^^
If you need 
interactivity, 
consider converting 
part of this to a 
Client Component.
    at C:\Users\yanto
_slqpq0c\Downloads\Li
sts of projects\nexus
\node_modules\next\di
st\compiled\next-serv
er\app-page.runtime.p
rod.js:12:145651
    at Object.toJSON 
(C:\Users\yanto_slqpq
0c\Downloads\Lists 
of projects\nexus\nod
e_modules\next\dist\c
ompiled\next-server\a
pp-page.runtime.prod.
js:12:146504)
    at stringify 
(<anonymous>)
    at eR (C:\Users\y
anto_slqpq0c\Download
s\Lists of projects\n
exus\node_modules\nex
t\dist\compiled\next-
server\app-page.runti
me.prod.js:12:134889)
    at eP (C:\Users\y
anto_slqpq0c\Download
s\Lists of projects\n
exus\node_modules\nex
t\dist\compiled\next-
server\app-page.runti
me.prod.js:12:135332)
    at AsyncLocalStor
age.run (node:interna
l/async_local_storage
/async_context_frame:
63:14)
    at 
Timeout._onTimeout (C
:\Users\yanto_slqpq0c
\Downloads\Lists of p
rojects\nexus\node_mo
dules\next\dist\compi
led\next-server\app-p
age.runtime.prod.js:1
2:146956)
    at listOnTimeout 
(node:internal/timers
:605:17)
    at process.proces
sTimers (node:interna
l/timers:541:7)
Error: Event 
handlers cannot be 
passed to Client 
Component props.
  {onLoginClick: 
function, 
onSignupClick: ...}
                 
^^^^^^^^
If you need 
interactivity, 
consider converting 
part of this to a 
Client Component.
    at C:\Users\yanto
_slqpq0c\Downloads\Li
sts of projects\nexus
\node_modules\next\di
st\compiled\next-serv
er\app-page.runtime.p
rod.js:12:145651
    at Object.toJSON 
(C:\Users\yanto_slqpq
0c\Downloads\Lists 
of projects\nexus\nod
e_modules\next\dist\c
ompiled\next-server\a
pp-page.runtime.prod.
js:12:146504)
    at stringify 
(<anonymous>)
    at eR (C:\Users\y
anto_slqpq0c\Download
s\Lists of projects\n
exus\node_modules\nex
t\dist\compiled\next-
server\app-page.runti
me.prod.js:12:134889)
    at eP (C:\Users\y
anto_slqpq0c\Download
s\Lists of projects\n
exus\node_modules\nex
t\dist\compiled\next-
server\app-page.runti
me.prod.js:12:135332)
    at 
Timeout._onTimeout (C
:\Users\yanto_slqpq0c
\Downloads\Lists of p
rojects\nexus\node_mo
dules\next\dist\compi
led\next-server\app-p
age.runtime.prod.js:1
2:132112)
    at listOnTimeout 
(node:internal/timers
:605:17)
    at process.proces
sTimers (node:interna
l/timers:541:7)
Error: Event 
handlers cannot be 
passed to Client 
Component props.
  {onLoginClick: 
function, 
onSignupClick: ...}
                 
^^^^^^^^
If you need 
interactivity, 
consider converting 
part of this to a 
Client Component.
    at C:\Users\yanto
_slqpq0c\Downloads\Li
sts of projects\nexus
\node_modules\next\di
st\compiled\next-serv
er\app-page.runtime.p
rod.js:12:145651
    at Object.toJSON 
(C:\Users\yanto_slqpq
0c\Downloads\Lists 
of projects\nexus\nod
e_modules\next\dist\c
ompiled\next-server\a
pp-page.runtime.prod.
js:12:146504)
    at stringify 
(<anonymous>)
    at eR (C:\Users\y
anto_slqpq0c\Download
s\Lists of projects\n
exus\node_modules\nex
t\dist\compiled\next-
server\app-page.runti
me.prod.js:12:134889)
    at eP (C:\Users\y
anto_slqpq0c\Download
s\Lists of projects\n
exus\node_modules\nex
t\dist\compiled\next-
server\app-page.runti
me.prod.js:12:135332)
    at 
Timeout._onTimeout (C
:\Users\yanto_slqpq0c
\Downloads\Lists of p
rojects\nexus\node_mo
dules\next\dist\compi
led\next-server\app-p
age.runtime.prod.js:1
2:132112)
    at listOnTimeout 
(node:internal/timers
:605:17)
    at process.proces
sTimers (node:interna
l/timers:541:7)
 ÔÜá Sending SIGTERM 
signal to static 
worker due to 
timeout of 60 
seconds. Subsequent 
errors may be a 
result of the worker 
exiting.
 Ô¿» Static worker 
exited with code: 
null and signal: 
SIGTERM
 Ô¿» Static worker 
exited with code: 
null and signal: 
SIGTERM
 Ô¿» Static worker 
exited with code: 
null and signal: 
SIGTERM
 Ô¿» Static worker 
exited with code: 
null and signal: 
SIGTERM
 Ô¿» Static worker 
exited with code: 
null and signal: 
SIGTERM
 ÔÜá Restarted 
static page 
generation for 
/terms because it 
took more than 60 
seconds
 ÔÜá Restarted 
static page 
generation for 
/privacy because it 
took more than 60 
seconds
Error: Event 
handlers cannot be 
passed to Client 
Component props.
  {onLoginClick: 
function, 
onSignupClick: ...}
                 
^^^^^^^^
If you need 
interactivity, 
consider converting 
part of this to a 
Client Component.
    at C:\Users\yanto
_slqpq0c\Downloads\Li
sts of projects\nexus
\node_modules\next\di
st\compiled\next-serv
er\app-page.runtime.p
rod.js:12:145651
    at Object.toJSON 
(C:\Users\yanto_slqpq
0c\Downloads\Lists 
of projects\nexus\nod
e_modules\next\dist\c
ompiled\next-server\a
pp-page.runtime.prod.
js:12:146504)
    at stringify 
(<anonymous>)
    at eR (C:\Users\y
anto_slqpq0c\Download
s\Lists of projects\n
exus\node_modules\nex
t\dist\compiled\next-
server\app-page.runti
me.prod.js:12:134889)
    at eP (C:\Users\y
anto_slqpq0c\Download
s\Lists of projects\n
exus\node_modules\nex
t\dist\compiled\next-
server\app-page.runti
me.prod.js:12:135332)
    at AsyncLocalStor
age.run (node:interna
l/async_local_storage
/async_context_frame:
63:14)
    at 
Timeout._onTimeout (C
:\Users\yanto_slqpq0c
\Downloads\Lists of p
rojects\nexus\node_mo
dules\next\dist\compi
led\next-server\app-p
age.runtime.prod.js:1
2:146956)
    at listOnTimeout 
(node:internal/timers
:605:17)
    at process.proces
sTimers (node:interna
l/timers:541:7)
Error: Event 
handlers cannot be 
passed to Client 
Component props.
  {onLoginClick: 
function, 
onSignupClick: ...}
                 
^^^^^^^^
If you need 
interactivity, 
consider converting 
part of this to a 
Client Component.
    at C:\Users\yanto
_slqpq0c\Downloads\Li
sts of projects\nexus
\node_modules\next\di
st\compiled\next-serv
er\app-page.runtime.p
rod.js:12:145651
    at Object.toJSON 
(C:\Users\yanto_slqpq
0c\Downloads\Lists 
of projects\nexus\nod
e_modules\next\dist\c
ompiled\next-server\a
pp-page.runtime.prod.
js:12:146504)
    at stringify 
(<anonymous>)
    at eR (C:\Users\y
anto_slqpq0c\Download
s\Lists of projects\n
exus\node_modules\nex
t\dist\compiled\next-
server\app-page.runti
me.prod.js:12:134889)
    at eP (C:\Users\y
anto_slqpq0c\Download
s\Lists of projects\n
exus\node_modules\nex
t\dist\compiled\next-
server\app-page.runti
me.prod.js:12:135332)
    at AsyncLocalStor
age.run (node:interna
l/async_local_storage
/async_context_frame:
63:14)
    at 
Timeout._onTimeout (C
:\Users\yanto_slqpq0c
\Downloads\Lists of p
rojects\nexus\node_mo
dules\next\dist\compi
led\next-server\app-p
age.runtime.prod.js:1
2:146956)
    at listOnTimeout 
(node:internal/timers
:605:17)
    at process.proces
sTimers (node:interna
l/timers:541:7)
Error: Event 
handlers cannot be 
passed to Client 
Component props.
  {onLoginClick: 
function, 
onSignupClick: ...}
                 
^^^^^^^^
If you need 
interactivity, 
consider converting 
part of this to a 
Client Component.
    at C:\Users\yanto
_slqpq0c\Downloads\Li
sts of projects\nexus
\node_modules\next\di
st\compiled\next-serv
er\app-page.runtime.p
rod.js:12:145651
    at Object.toJSON 
(C:\Users\yanto_slqpq
0c\Downloads\Lists 
of projects\nexus\nod
e_modules\next\dist\c
ompiled\next-server\a
pp-page.runtime.prod.
js:12:146504)
    at stringify 
(<anonymous>)
    at eR (C:\Users\y
anto_slqpq0c\Download
s\Lists of projects\n
exus\node_modules\nex
t\dist\compiled\next-
server\app-page.runti
me.prod.js:12:134889)
    at eP (C:\Users\y
anto_slqpq0c\Download
s\Lists of projects\n
exus\node_modules\nex
t\dist\compiled\next-
server\app-page.runti
me.prod.js:12:135332)
    at 
Timeout._onTimeout (C
:\Users\yanto_slqpq0c
\Downloads\Lists of p
rojects\nexus\node_mo
dules\next\dist\compi
led\next-server\app-p
age.runtime.prod.js:1
2:132112)
    at listOnTimeout 
(node:internal/timers
:605:17)
    at process.proces
sTimers (node:interna
l/timers:541:7)
Error: Event 
handlers cannot be 
passed to Client 
Component props.
  {onLoginClick: 
function, 
onSignupClick: ...}
                 
^^^^^^^^
If you need 
interactivity, 
consider converting 
part of this to a 
Client Component.
    at C:\Users\yanto
_slqpq0c\Downloads\Li
sts of projects\nexus
\node_modules\next\di
st\compiled\next-serv
er\app-page.runtime.p
rod.js:12:145651
    at Object.toJSON 
(C:\Users\yanto_slqpq
0c\Downloads\Lists 
of projects\nexus\nod
e_modules\next\dist\c
ompiled\next-server\a
pp-page.runtime.prod.
js:12:146504)
    at stringify 
(<anonymous>)
    at eR (C:\Users\y
anto_slqpq0c\Download
s\Lists of projects\n
exus\node_modules\nex
t\dist\compiled\next-
server\app-page.runti
me.prod.js:12:134889)
    at eP (C:\Users\y
anto_slqpq0c\Download
s\Lists of projects\n
exus\node_modules\nex
t\dist\compiled\next-
server\app-page.runti
me.prod.js:12:135332)
    at 
Timeout._onTimeout (C
:\Users\yanto_slqpq0c
\Downloads\Lists of p
rojects\nexus\node_mo
dules\next\dist\compi
led\next-server\app-p
age.runtime.prod.js:1
2:132112)
    at listOnTimeout 
(node:internal/timers
:605:17)
    at process.proces
sTimers (node:interna
l/timers:541:7)
 ÔÜá Sending SIGTERM 
signal to static 
worker due to 
timeout of 60 
seconds. Subsequent 
errors may be a 
result of the worker 
exiting.
 Ô¿» Static worker 
exited with code: 
null and signal: 
SIGTERM
 Ô¿» Static worker 
exited with code: 
null and signal: 
SIGTERM
 Ô¿» Static worker 
exited with code: 
null and signal: 
SIGTERM
 Ô¿» Static worker 
exited with code: 
null and signal: 
SIGTERM
 Ô¿» Static worker 
exited with code: 
null and signal: 
SIGTERM

> Build error 
occurred
Error: Static page 
generation for 
/terms is still 
timing out after 3 
attempts. See more 
info here https://nex
tjs.org/docs/messages
/static-page-generati
on-timeout
    at onRestart (C:\
Users\yanto_slqpq0c\D
ownloads\Lists of pro
jects\nexus\node_modu
les\next\dist\build\i
ndex.js:298:27)
    at C:\Users\yanto
_slqpq0c\Downloads\Li
sts of projects\nexus
\node_modules\next\di
st\lib\worker.js:95:4
0
    at process.proces
sTicksAndRejections (
node:internal/process
/task_queues:103:5)
    at async C:\Users
\yanto_slqpq0c\Downlo
ads\Lists of projects
\nexus\node_modules\n
ext\dist\export\index
.js:520:20
    at async 
Span.traceAsyncFn (C:
\Users\yanto_slqpq0c\
Downloads\Lists of pr
ojects\nexus\node_mod
ules\next\dist\trace\
trace.js:151:20)
    at async C:\Users
\yanto_slqpq0c\Downlo
ads\Lists of projects
\nexus\node_modules\n
ext\dist\export\index
.js:518:24
    at async 
Promise.all (index 5)
    at async 
exportAppImpl (C:\Use
rs\yanto_slqpq0c\Down
loads\Lists of projec
ts\nexus\node_modules
\next\dist\export\ind
ex.js:510:21)
    at async C:\Users
\yanto_slqpq0c\Downlo
ads\Lists of projects
\nexus\node_modules\n
ext\dist\export\index
.js:683:16
    at async 
Span.traceAsyncFn (C:
\Users\yanto_slqpq0c\
Downloads\Lists of pr
ojects\nexus\node_mod
ules\next\dist\trace\
trace.js:151:20)
